Archive member included to satisfy reference by file (symbol)

/home/aditya/st/stm32cubeide_1.19.0/plugins/com.st.stm32cube.ide.mcu.externaltools.gnu-tools-for-stm32.13.3.rel1.linux64_1.0.0.202410170706/tools/bin/../lib/gcc/arm-none-eabi/13.3.1/../../../../arm-none-eabi/lib/thumb/v7e-m+fp/hard/libc_nano.a(libc_a-exit.o)
                              /home/aditya/st/stm32cubeide_1.19.0/plugins/com.st.stm32cube.ide.mcu.externaltools.gnu-tools-for-stm32.13.3.rel1.linux64_1.0.0.202410170706/tools/bin/../lib/gcc/arm-none-eabi/13.3.1/../../../../arm-none-eabi/lib/thumb/v7e-m+fp/hard/crt0.o (exit)
/home/aditya/st/stm32cubeide_1.19.0/plugins/com.st.stm32cube.ide.mcu.externaltools.gnu-tools-for-stm32.13.3.rel1.linux64_1.0.0.202410170706/tools/bin/../lib/gcc/arm-none-eabi/13.3.1/../../../../arm-none-eabi/lib/thumb/v7e-m+fp/hard/libc_nano.a(libc_a-findfp.o)
                              /home/aditya/st/stm32cubeide_1.19.0/plugins/com.st.stm32cube.ide.mcu.externaltools.gnu-tools-for-stm32.13.3.rel1.linux64_1.0.0.202410170706/tools/bin/../lib/gcc/arm-none-eabi/13.3.1/../../../../arm-none-eabi/lib/thumb/v7e-m+fp/hard/libc_nano.a(libc_a-exit.o) (__stdio_exit_handler)
/home/aditya/st/stm32cubeide_1.19.0/plugins/com.st.stm32cube.ide.mcu.externaltools.gnu-tools-for-stm32.13.3.rel1.linux64_1.0.0.202410170706/tools/bin/../lib/gcc/arm-none-eabi/13.3.1/../../../../arm-none-eabi/lib/thumb/v7e-m+fp/hard/libc_nano.a(libc_a-fwalk.o)
                              /home/aditya/st/stm32cubeide_1.19.0/plugins/com.st.stm32cube.ide.mcu.externaltools.gnu-tools-for-stm32.13.3.rel1.linux64_1.0.0.202410170706/tools/bin/../lib/gcc/arm-none-eabi/13.3.1/../../../../arm-none-eabi/lib/thumb/v7e-m+fp/hard/libc_nano.a(libc_a-findfp.o) (_fwalk_sglue)
/home/aditya/st/stm32cubeide_1.19.0/plugins/com.st.stm32cube.ide.mcu.externaltools.gnu-tools-for-stm32.13.3.rel1.linux64_1.0.0.202410170706/tools/bin/../lib/gcc/arm-none-eabi/13.3.1/../../../../arm-none-eabi/lib/thumb/v7e-m+fp/hard/libc_nano.a(libc_a-stdio.o)
                              /home/aditya/st/stm32cubeide_1.19.0/plugins/com.st.stm32cube.ide.mcu.externaltools.gnu-tools-for-stm32.13.3.rel1.linux64_1.0.0.202410170706/tools/bin/../lib/gcc/arm-none-eabi/13.3.1/../../../../arm-none-eabi/lib/thumb/v7e-m+fp/hard/libc_nano.a(libc_a-findfp.o) (__sread)
/home/aditya/st/stm32cubeide_1.19.0/plugins/com.st.stm32cube.ide.mcu.externaltools.gnu-tools-for-stm32.13.3.rel1.linux64_1.0.0.202410170706/tools/bin/../lib/gcc/arm-none-eabi/13.3.1/../../../../arm-none-eabi/lib/thumb/v7e-m+fp/hard/libc_nano.a(libc_a-memset.o)
                              /home/aditya/st/stm32cubeide_1.19.0/plugins/com.st.stm32cube.ide.mcu.externaltools.gnu-tools-for-stm32.13.3.rel1.linux64_1.0.0.202410170706/tools/bin/../lib/gcc/arm-none-eabi/13.3.1/../../../../arm-none-eabi/lib/thumb/v7e-m+fp/hard/crt0.o (memset)
/home/aditya/st/stm32cubeide_1.19.0/plugins/com.st.stm32cube.ide.mcu.externaltools.gnu-tools-for-stm32.13.3.rel1.linux64_1.0.0.202410170706/tools/bin/../lib/gcc/arm-none-eabi/13.3.1/../../../../arm-none-eabi/lib/thumb/v7e-m+fp/hard/libc_nano.a(libc_a-closer.o)
                              /home/aditya/st/stm32cubeide_1.19.0/plugins/com.st.stm32cube.ide.mcu.externaltools.gnu-tools-for-stm32.13.3.rel1.linux64_1.0.0.202410170706/tools/bin/../lib/gcc/arm-none-eabi/13.3.1/../../../../arm-none-eabi/lib/thumb/v7e-m+fp/hard/libc_nano.a(libc_a-stdio.o) (_close_r)
/home/aditya/st/stm32cubeide_1.19.0/plugins/com.st.stm32cube.ide.mcu.externaltools.gnu-tools-for-stm32.13.3.rel1.linux64_1.0.0.202410170706/tools/bin/../lib/gcc/arm-none-eabi/13.3.1/../../../../arm-none-eabi/lib/thumb/v7e-m+fp/hard/libc_nano.a(libc_a-reent.o)
                              /home/aditya/st/stm32cubeide_1.19.0/plugins/com.st.stm32cube.ide.mcu.externaltools.gnu-tools-for-stm32.13.3.rel1.linux64_1.0.0.202410170706/tools/bin/../lib/gcc/arm-none-eabi/13.3.1/../../../../arm-none-eabi/lib/thumb/v7e-m+fp/hard/libc_nano.a(libc_a-closer.o) (errno)
/home/aditya/st/stm32cubeide_1.19.0/plugins/com.st.stm32cube.ide.mcu.externaltools.gnu-tools-for-stm32.13.3.rel1.linux64_1.0.0.202410170706/tools/bin/../lib/gcc/arm-none-eabi/13.3.1/../../../../arm-none-eabi/lib/thumb/v7e-m+fp/hard/libc_nano.a(libc_a-impure.o)
                              /home/aditya/st/stm32cubeide_1.19.0/plugins/com.st.stm32cube.ide.mcu.externaltools.gnu-tools-for-stm32.13.3.rel1.linux64_1.0.0.202410170706/tools/bin/../lib/gcc/arm-none-eabi/13.3.1/../../../../arm-none-eabi/lib/thumb/v7e-m+fp/hard/libc_nano.a(libc_a-reent.o) (_impure_ptr)
/home/aditya/st/stm32cubeide_1.19.0/plugins/com.st.stm32cube.ide.mcu.externaltools.gnu-tools-for-stm32.13.3.rel1.linux64_1.0.0.202410170706/tools/bin/../lib/gcc/arm-none-eabi/13.3.1/../../../../arm-none-eabi/lib/thumb/v7e-m+fp/hard/libc_nano.a(libc_a-lseekr.o)
[...]
Memory Configuration

Name             Origin             Length             Attributes
RAM              0x20000000         0x00020000         xrw
FLASH            0x08000000         0x00080000         xr
*default*        0x00000000         0xffffffff

Linker script and memory map

LOAD /home/aditya/st/stm32cubeide_1.19.0/plugins/com.st.stm32cube.ide.mcu.externaltools.gnu-tools-for-stm32.13.3.rel1.linux64_1.0.0.202410170706/tools/bin/../lib/gcc/arm-none-eabi/13.3.1/thumb/v7e-m+fp/hard/crti.o
LOAD /home/aditya/st/stm32cubeide_1.19.0/plugins/com.st.stm32cube.ide.mcu.externaltools.gnu-tools-for-stm32.13.3.rel1.linux64_1.0.0.202410170706/tools/bin/../lib/gcc/arm-none-eabi/13.3.1/thumb/v7e-m+fp/hard/crtbegin.o
LOAD /home/aditya/st/stm32cubeide_1.19.0/plugins/com.st.stm32cube.ide.mcu.externaltools.gnu-tools-for-stm32.13.3.rel1.linux64_1.0.0.202410170706/tools/bin/../lib/gcc/arm-none-eabi/13.3.1/../../../../arm-none-eabi/lib/thumb/v7e-m+fp/hard/crt0.o
LOAD ./Src/SPI_STM32&ARDUINO_SendData.o
LOAD ./Src/syscalls.o
LOAD ./Src/sysmem.o
LOAD ./Startup/startup_stm32f411ceux.o
LOAD ./drivers/Src/stm32f411_gpio.o
LOAD ./drivers/Src/stm32f411_i2c.o
LOAD ./drivers/Src/stm32f411_rcc.o
LOAD ./drivers/Src/stm32f411_spi.o
LOAD ./drivers/Src/stm32f411_usart.o
START GROUP
LOAD /home/aditya/st/stm32cubeide_1.19.0/plugins/com.st.stm32cube.ide.mcu.externaltools.gnu-tools-for-stm32.13.3.rel1.linux64_1.0.0.202410170706/tools/bin/../lib/gcc/arm-none-eabi/13.3.1/../../../../arm-none-eabi/lib/thumb/v7e-m+fp/hard/libc_nano.a
LOAD /home/aditya/st/stm32cubeide_1.19.0/plugins/com.st.stm32cube.ide.mcu.externaltools.gnu-tools-for-stm32.13.3.rel1.linux64_1.0.0.202410170706/tools/bin/../lib/gcc/arm-none-eabi/13.3.1/../../../../arm-none-eabi/lib/thumb/v7e-m+fp/hard/libm.a
END GROUP
START GROUP
LOAD /home/aditya/st/stm32cubeide_1.19.0/plugins/com.st.stm32cube.ide.mcu.externaltools.gnu-tools-for-stm32.13.3.rel1.linux64_1.0.0.202410170706/tools/bin/../lib/gcc/arm-none-eabi/13.3.1/thumb/v7e-m+fp/hard/libgcc.a
LOAD /home/aditya/st/stm32cubeide_1.19.0/plugins/com.st.stm32cube.ide.mcu.externaltools.gnu-tools-for-stm32.13.3.rel1.linux64_1.0.0.202410170706/tools/bin/../lib/gcc/arm-none-eabi/13.3.1/../../../../arm-none-eabi/lib/thumb/v7e-m+fp/hard/libc_nano.a
END GROUP
START GROUP
LOAD /home/aditya/st/stm32cubeide_1.19.0/plugins/com.st.stm32cube.ide.mcu.externaltools.gnu-tools-for-stm32.13.3.rel1.linux64_1.0.0.202410170706/tools/bin/../lib/gcc/arm-none-eabi/13.3.1/thumb/v7e-m+fp/hard/libgcc.a
LOAD /home/aditya/st/stm32cubeide_1.19.0/plugins/com.st.stm32cube.ide.mcu.externaltools.gnu-tools-for-stm32.13.3.rel1.linux64_1.0.0.202410170706/tools/bin/../lib/gcc/arm-none-eabi/13.3.1/../../../../arm-none-eabi/lib/thumb/v7e-m+fp/hard/libc_nano.a
LOAD /home/aditya/st/stm32cubeide_1.19.0/plugins/com.st.stm32cube.ide.mcu.externaltools.gnu-tools-for-stm32.13.3.rel1.linux64_1.0.0.202410170706/tools/bin/../lib/gcc/arm-none-eabi/13.3.1/../../../../arm-none-eabi/lib/thumb/v7e-m+fp/hard/libnosys.a
END GROUP
START GROUP
LOAD /home/aditya/st/stm32cubeide_1.19.0/plugins/com.st.stm32cube.ide.mcu.externaltools.gnu-tools-for-stm32.13.3.rel1.linux64_1.0.0.202410170706/tools/bin/../lib/gcc/arm-none-eabi/13.3.1/thumb/v7e-m+fp/hard/libgcc.a
LOAD /home/aditya/st/stm32cubeide_1.19.0/plugins/com.st.stm32cube.ide.mcu.externaltools.gnu-tools-for-stm32.13.3.rel1.linux64_1.0.0.202410170706/tools/bin/../lib/gcc/arm-none-eabi/13.3.1/../../../../arm-none-eabi/lib/thumb/v7e-m+fp/hard/libc_nano.a
LOAD /home/aditya/st/stm32cubeide_1.19.0/plugins/com.st.stm32cube.ide.mcu.externaltools.gnu-tools-for-stm32.13.3.rel1.linux64_1.0.0.202410170706/tools/bin/../lib/gcc/arm-none-eabi/13.3.1/../../../../arm-none-eabi/lib/thumb/v7e-m+fp/hard/libnosys.a
END GROUP
LOAD /home/aditya/st/stm32cubeide_1.19.0/plugins/com.st.stm32cube.ide.mcu.externaltools.gnu-tools-for-stm32.13.3.rel1.linux64_1.0.0.202410170706/tools/bin/../lib/gcc/arm-none-eabi/13.3.1/thumb/v7e-m+fp/hard/crtend.o
LOAD /home/aditya/st/stm32cubeide_1.19.0/plugins/com.st.stm32cube.ide.mcu.externaltools.gnu-tools-for-stm32.13.3.rel1.linux64_1.0.0.202410170706/tools/bin/../lib/gcc/arm-none-eabi/13.3.1/thumb/v7e-m+fp/hard/crtn.o
                0x20020000                        _estack = (ORIGIN (RAM) + LENGTH (RAM))
                0x00000200                        _Min_Heap_Size = 0x200
                0x00000400                        _Min_Stack_Size = 0x400

.isr_vector     0x08000000      0x198
                0x08000000                        . = ALIGN (0x4)
 *(.isr_vector)
 .isr_vector    0x08000000      0x198 ./Startup/startup_stm32f411ceux.o
                0x08000000                g_pfnVectors
                0x08000198                        . = ALIGN (0x4)

.text           0x08000198      0x9d4
                0x08000198                        . = ALIGN (0x4)
 *(.text)
 .text          0x08000198       0x40 /home/aditya/st/stm32cubeide_1.19.0/plugins/com.st.stm32cube.ide.mcu.externaltools.gnu-tools-for-stm32.13.3.rel1.linux64_1.0.0.202410170706/tools/bin/../lib/gcc/arm-none-eabi/13.3.1/thumb/v7e-m+fp/hard/crtbegin.o
 .text          0x080001d8       0x10 /home/aditya/st/stm32cubeide_1.19.0/plugins/com.st.stm32cube.ide.mcu.externaltools.gnu-tools-for-stm32.13.3.rel1.linux64_1.0.0.202410170706/tools/bin/../lib/gcc/arm-none-eabi/13.3.1/../../../../arm-none-eabi/lib/thumb/v7e-m+fp/hard/libc_nano.a(libc_a-strlen.o)
                0x080001d8                strlen
 *(.text*)
 .text.delay    0x080001e8       0x2c ./Src/SPI_STM32&ARDUINO_SendData.o
                0x080001e8                delay
 .text.GPIO_ButtonInit
                0x08000214       0x38 ./Src/SPI_STM32&ARDUINO_SendData.o
                0x08000214                GPIO_ButtonInit
 .text.SPI2_GPIOInits
                0x0800024c       0x6c ./Src/SPI_STM32&ARDUINO_SendData.o
                0x0800024c                SPI2_GPIOInits
 .text.SPI2_Inits
                0x080002b8       0x3c ./Src/SPI_STM32&ARDUINO_SendData.o
                0x080002b8                SPI2_Inits
 .text.main     0x080002f4       0x7c ./Src/SPI_STM32&ARDUINO_SendData.o
                0x080002f4                main
 .text.Reset_Handler
                0x08000370       0x50 ./Startup/startup_stm32f411ceux.o
                0x08000370                Reset_Handler
 .text.Default_Handler
                0x080003c0        0x2 ./Startup/startup_stm32f411ceux.o
                0x080003c0                RTC_Alarm_IRQHandler
                0x080003c0                EXTI2_IRQHandler
                0x080003c0                DebugMon_Handler
                0x080003c0                SPI4_IRQHandler
                0x080003c0                TIM1_CC_IRQHandler
                0x080003c0                DMA2_Stream5_IRQHandler
                0x080003c0                HardFault_Handler
                0x080003c0                DMA1_Stream5_IRQHandler
                0x080003c0                SysTick_Handler
                0x080003c0                PVD_IRQHandler
                0x080003c0                SDIO_IRQHandler
                0x080003c0                TAMP_STAMP_IRQHandler
                0x080003c0                PendSV_Handler
                0x080003c0                NMI_Handler
                0x080003c0                EXTI3_IRQHandler
                0x080003c0                TIM1_UP_TIM10_IRQHandler
                0x080003c0                I2C3_ER_IRQHandler
                0x080003c0                EXTI0_IRQHandler
                0x080003c0                I2C2_EV_IRQHandler
                0x080003c0                DMA1_Stream2_IRQHandler
                0x080003c0                UsageFault_Handler
                0x080003c0                DMA2_Stream2_IRQHandler
                0x080003c0                SPI1_IRQHandler
                0x080003c0                TIM1_BRK_TIM9_IRQHandler
                0x080003c0                DMA2_Stream3_IRQHandler
                0x080003c0                USART6_IRQHandler
                0x080003c0                DMA2_Stream0_IRQHandler
                0x080003c0                TIM4_IRQHandler
                0x080003c0                I2C1_EV_IRQHandler
                0x080003c0                DMA1_Stream6_IRQHandler
                0x080003c0                DMA1_Stream1_IRQHandler
                0x080003c0                TIM3_IRQHandler
                0x080003c0                RCC_IRQHandler
                0x080003c0                Default_Handler
                0x080003c0                EXTI15_10_IRQHandler
                0x080003c0                ADC_IRQHandler
                0x080003c0                DMA1_Stream7_IRQHandler
                0x080003c0                SPI5_IRQHandler
                0x080003c0                TIM5_IRQHandler
                0x080003c0                DMA2_Stream7_IRQHandler
                0x080003c0                I2C3_EV_IRQHandler
                0x080003c0                EXTI9_5_IRQHandler
                0x080003c0                RTC_WKUP_IRQHandler
                0x080003c0                SPI2_IRQHandler
                0x080003c0                MemManage_Handler
                0x080003c0                DMA1_Stream0_IRQHandler
                0x080003c0                SVC_Handler
                0x080003c0                EXTI4_IRQHandler
                0x080003c0                WWDG_IRQHandler
                0x080003c0                TIM2_IRQHandler
                0x080003c0                OTG_FS_WKUP_IRQHandler
                0x080003c0                TIM1_TRG_COM_TIM11_IRQHandler
                0x080003c0                EXTI1_IRQHandler
                0x080003c0                USART2_IRQHandler
                0x080003c0                I2C2_ER_IRQHandler
                0x080003c0                DMA2_Stream1_IRQHandler
                0x080003c0                FLASH_IRQHandler
                0x080003c0                DMA2_Stream4_IRQHandler
                0x080003c0                BusFault_Handler
                0x080003c0                USART1_IRQHandler
                0x080003c0                OTG_FS_IRQHandler
                0x080003c0                SPI3_IRQHandler
                0x080003c0                DMA1_Stream4_IRQHandler
                0x080003c0                I2C1_ER_IRQHandler
                0x080003c0                DMA2_Stream6_IRQHandler
                0x080003c0                DMA1_Stream3_IRQHandler
 *fill*         0x080003c2        0x2 
 .text.GPIO_PeriClockControl
                0x080003c4      0x140 ./drivers/Src/stm32f411_gpio.o
                0x080003c4                GPIO_PeriClockControl
 .text.GPIO_Init
                0x08000504      0x350 ./drivers/Src/stm32f411_gpio.o
                0x08000504                GPIO_Init
 .text.GPIO_ReadFromInputPin
                0x08000854       0x2c ./drivers/Src/stm32f411_gpio.o
                0x08000854                GPIO_ReadFromInputPin
 .text.SPI_PeriClockControl
                0x08000880       0xe0 ./drivers/Src/stm32f411_spi.o
                0x08000880                SPI_PeriClockControl
 .text.SPI_Init
                0x08000960       0xac ./drivers/Src/stm32f411_spi.o
                0x08000960                SPI_Init
 .text.SPI_GetFlagStatus
                0x08000a0c       0x28 ./drivers/Src/stm32f411_spi.o
                0x08000a0c                SPI_GetFlagStatus
 .text.SPI_PeripheralControl
                0x08000a34       0x38 ./drivers/Src/stm32f411_spi.o
                0x08000a34                SPI_PeripheralControl
 .text.SPI_SSOEConfig
                0x08000a6c       0x38 ./drivers/Src/stm32f411_spi.o
                0x08000a6c                SPI_SSOEConfig
 .text.SPI_SendData
                0x08000aa4       0x68 ./drivers/Src/stm32f411_spi.o
                0x08000aa4                SPI_SendData
 .text.__libc_init_array
                0x08000b0c       0x48 /home/aditya/st/stm32cubeide_1.19.0/plugins/com.st.stm32cube.ide.mcu.externaltools.gnu-tools-for-stm32.13.3.rel1.linux64_1.0.0.202410170706/tools/bin/../lib/gcc/arm-none-eabi/13.3.1/../../../../arm-none-eabi/lib/thumb/v7e-m+fp/hard/libc_nano.a(libc_a-init.o)
                0x08000b0c                __libc_init_array
 *(.glue_7)
 .glue_7        0x08000b54        0x0 linker stubs
 *(.glue_7t)
 .glue_7t       0x08000b54        0x0 linker stubs
 *(.eh_frame)
 .eh_frame      0x08000b54        0x0 /home/aditya/st/stm32cubeide_1.19.0/plugins/com.st.stm32cube.ide.mcu.externaltools.gnu-tools-for-stm32.13.3.rel1.linux64_1.0.0.202410170706/tools/bin/../lib/gcc/arm-none-eabi/13.3.1/thumb/v7e-m+fp/hard/crtbegin.o
 *(.init)
 .init          0x08000b54        0x4 /home/aditya/st/stm32cubeide_1.19.0/plugins/com.st.stm32cube.ide.mcu.externaltools.gnu-tools-for-stm32.13.3.rel1.linux64_1.0.0.202410170706/tools/bin/../lib/gcc/arm-none-eabi/13.3.1/thumb/v7e-m+fp/hard/crti.o
                0x08000b54                _init
 .init          0x08000b58        0x8 /home/aditya/st/stm32cubeide_1.19.0/plugins/com.st.stm32cube.ide.mcu.externaltools.gnu-tools-for-stm32.13.3.rel1.linux64_1.0.0.202410170706/tools/bin/../lib/gcc/arm-none-eabi/13.3.1/thumb/v7e-m+fp/hard/crtn.o
 *(.fini)
 .fini          0x08000b60        0x4 /home/aditya/st/stm32cubeide_1.19.0/plugins/com.st.stm32cube.ide.mcu.externaltools.gnu-tools-for-stm32.13.3.rel1.linux64_1.0.0.202410170706/tools/bin/../lib/gcc/arm-none-eabi/13.3.1/thumb/v7e-m+fp/hard/crti.o
                0x08000b60                _fini
 .fini          0x08000b64        0x8 /home/aditya/st/stm32cubeide_1.19.0/plugins/com.st.stm32cube.ide.mcu.externaltools.gnu-tools-for-stm32.13.3.rel1.linux64_1.0.0.202410170706/tools/bin/../lib/gcc/arm-none-eabi/13.3.1/thumb/v7e-m+fp/hard/crtn.o
                0x08000b6c                        . = ALIGN (0x4)
                0x08000b6c                        _etext = .

.vfp11_veneer   0x08000b6c        0x0
 .vfp11_veneer  0x08000b6c        0x0 linker stubs

.v4_bx          0x08000b6c        0x0
 .v4_bx         0x08000b6c        0x0 linker stubs

.iplt           0x08000b6c        0x0
 .iplt          0x08000b6c        0x0 /home/aditya/st/stm32cubeide_1.19.0/plugins/com.st.stm32cube.ide.mcu.externaltools.gnu-tools-for-stm32.13.3.rel1.linux64_1.0.0.202410170706/tools/bin/../lib/gcc/arm-none-eabi/13.3.1/thumb/v7e-m+fp/hard/crtbegin.o

.rodata         0x08000b6c        0xc
                0x08000b6c                        . = ALIGN (0x4)
 *(.rodata)
 .rodata        0x08000b6c        0xc ./Src/SPI_STM32&ARDUINO_SendData.o
 *(.rodata*)
                0x08000b78                        . = ALIGN (0x4)

.ARM.extab      0x08000b78        0x0
                0x08000b78                        . = ALIGN (0x4)
 *(.ARM.extab* .gnu.linkonce.armextab.*)
                0x08000b78                        . = ALIGN (0x4)

.ARM            0x08000b78        0x8
                0x08000b78                        . = ALIGN (0x4)
                0x08000b78                        __exidx_start = .
 *(.ARM.exidx*)
 .ARM.exidx     0x08000b78        0x8 /home/aditya/st/stm32cubeide_1.19.0/plugins/com.st.stm32cube.ide.mcu.externaltools.gnu-tools-for-stm32.13.3.rel1.linux64_1.0.0.202410170706/tools/bin/../lib/gcc/arm-none-eabi/13.3.1/../../../../arm-none-eabi/lib/thumb/v7e-m+fp/hard/libc_nano.a(libc_a-strlen.o)
                0x08000b80                        __exidx_end = .
                0x08000b80                        . = ALIGN (0x4)

.preinit_array  0x08000b80        0x0
                0x08000b80                        . = ALIGN (0x4)
                0x08000b80                        PROVIDE (__preinit_array_start = .)
 *(.preinit_array*)
                0x08000b80                        PROVIDE (__preinit_array_end = .)
                0x08000b80                        . = ALIGN (0x4)

.init_array     0x08000b80        0x4
                0x08000b80                        . = ALIGN (0x4)
                0x08000b80                        PROVIDE (__init_array_start = .)
 *(SORT_BY_NAME(.init_array.*))
 *(.init_array*)
 .init_array    0x08000b80        0x4 /home/aditya/st/stm32cubeide_1.19.0/plugins/com.st.stm32cube.ide.mcu.externaltools.gnu-tools-for-stm32.13.3.rel1.linux64_1.0.0.202410170706/tools/bin/../lib/gcc/arm-none-eabi/13.3.1/thumb/v7e-m+fp/hard/crtbegin.o
                0x08000b84                        PROVIDE (__init_array_end = .)
                0x08000b84                        . = ALIGN (0x4)

.fini_array     0x08000b84        0x4
                0x08000b84                        . = ALIGN (0x4)
                [!provide]                        PROVIDE (__fini_array_start = .)
 *(SORT_BY_NAME(.fini_array.*))
 *(.fini_array*)
 .fini_array    0x08000b84        0x4 /home/aditya/st/stm32cubeide_1.19.0/plugins/com.st.stm32cube.ide.mcu.externaltools.gnu-tools-for-stm32.13.3.rel1.linux64_1.0.0.202410170706/tools/bin/../lib/gcc/arm-none-eabi/13.3.1/thumb/v7e-m+fp/hard/crtbegin.o
                [!provide]                        PROVIDE (__fini_array_end = .)
                0x08000b88                        . = ALIGN (0x4)
                0x08000b88                        _sidata = LOADADDR (.data)

.rel.dyn        0x08000b88        0x0
 .rel.iplt      0x08000b88        0x0 /home/aditya/st/stm32cubeide_1.19.0/plugins/com.st.stm32cube.ide.mcu.externaltools.gnu-tools-for-stm32.13.3.rel1.linux64_1.0.0.202410170706/tools/bin/../lib/gcc/arm-none-eabi/13.3.1/thumb/v7e-m+fp/hard/crtbegin.o

.data           0x20000000        0x0 load address 0x08000b88
                0x20000000                        . = ALIGN (0x4)
                0x20000000                        _sdata = .
 *(.data)
 *(.data*)
 *(.RamFunc)
 *(.RamFunc*)
                0x20000000                        . = ALIGN (0x4)
                0x20000000                        _edata = .

.igot.plt       0x20000000        0x0 load address 0x08000b88
 .igot.plt      0x20000000        0x0 /home/aditya/st/stm32cubeide_1.19.0/plugins/com.st.stm32cube.ide.mcu.externaltools.gnu-tools-for-stm32.13.3.rel1.linux64_1.0.0.202410170706/tools/bin/../lib/gcc/arm-none-eabi/13.3.1/thumb/v7e-m+fp/hard/crtbegin.o
                0x20000000                        . = ALIGN (0x4)

.bss            0x20000000       0x1c load address 0x08000b88
                0x20000000                        _sbss = .
                0x20000000                        __bss_start__ = _sbss
 *(.bss)
 .bss           0x20000000       0x1c /home/aditya/st/stm32cubeide_1.19.0/plugins/com.st.stm32cube.ide.mcu.externaltools.gnu-tools-for-stm32.13.3.rel1.linux64_1.0.0.202410170706/tools/bin/../lib/gcc/arm-none-eabi/13.3.1/thumb/v7e-m+fp/hard/crtbegin.o
 *(.bss*)
 *(COMMON)
                0x2000001c                        . = ALIGN (0x4)
                0x2000001c                        _ebss = .
                0x2000001c                        __bss_end__ = _ebss

._user_heap_stack
                0x2000001c      0x604 load address 0x08000b88
                0x20000020                        . = ALIGN (0x8)
 *fill*         0x2000001c        0x4 
                [!provide]                        PROVIDE (end = .)
                0x20000020                        PROVIDE (_end = .)
                0x20000220                        . = (. + _Min_Heap_Size)
 *fill*         0x20000020      0x200 
                0x20000620                        . = (. + _Min_Stack_Size)
 *fill*         0x20000220      0x400 
                0x20000620                        . = ALIGN (0x8)

/DISCARD/
 libc.a(*)
 libm.a(*)
 libgcc.a(*)

.ARM.attributes
                0x00000000       0x30
 *(.ARM.attributes)
 .ARM.attributes
                0x00000000       0x22 /home/aditya/st/stm32cubeide_1.19.0/plugins/com.st.stm32cube.ide.mcu.externaltools.gnu-tools-for-stm32.13.3.rel1.linux64_1.0.0.202410170706/tools/bin/../lib/gcc/arm-none-eabi/13.3.1/thumb/v7e-m+fp/hard/crti.o
 .ARM.attributes
                0x00000022       0x34 /home/aditya/st/stm32cubeide_1.19.0/plugins/com.st.stm32cube.ide.mcu.externaltools.gnu-tools-for-stm32.13.3.rel1.linux64_1.0.0.202410170706/tools/bin/../lib/gcc/arm-none-eabi/13.3.1/thumb/v7e-m+fp/hard/crtbegin.o
 .ARM.attributes
                0x00000056       0x34 ./Src/SPI_STM32&ARDUINO_SendData.o
 .ARM.attributes
                0x0000008a       0x21 ./Startup/startup_stm32f411ceux.o
 .ARM.attributes
                0x000000ab       0x34 ./drivers/Src/stm32f411_gpio.o
 .ARM.attributes
                0x000000df       0x34 ./drivers/Src/stm32f411_spi.o
 .ARM.attributes
                0x00000113       0x34 /home/aditya/st/stm32cubeide_1.19.0/plugins/com.st.stm32cube.ide.mcu.externaltools.gnu-tools-for-stm32.13.3.rel1.linux64_1.0.0.202410170706/tools/bin/../lib/gcc/arm-none-eabi/13.3.1/../../../../arm-none-eabi/lib/thumb/v7e-m+fp/hard/libc_nano.a(libc_a-init.o)
 .ARM.attributes
                0x00000147       0x17 /home/aditya/st/stm32cubeide_1.19.0/plugins/com.st.stm32cube.ide.mcu.externaltools.gnu-tools-for-stm32.13.3.rel1.linux64_1.0.0.202410170706/tools/bin/../lib/gcc/arm-none-eabi/13.3.1/../../../../arm-none-eabi/lib/thumb/v7e-m+fp/hard/libc_nano.a(libc_a-strlen.o)
 .ARM.attributes
                0x0000015e       0x22 /home/aditya/st/stm32cubeide_1.19.0/plugins/com.st.stm32cube.ide.mcu.externaltools.gnu-tools-for-stm32.13.3.rel1.linux64_1.0.0.202410170706/tools/bin/../lib/gcc/arm-none-eabi/13.3.1/thumb/v7e-m+fp/hard/crtn.o
OUTPUT(STM32F411CEU6_Drivers.elf elf32-littlearm)
LOAD linker stubs
LOAD /home/aditya/st/stm32cubeide_1.19.0/plugins/com.st.stm32cube.ide.mcu.externaltools.gnu-tools-for-stm32.13.3.rel1.linux64_1.0.0.202410170706/tools/bin/../lib/gcc/arm-none-eabi/13.3.1/../../../../arm-none-eabi/lib/thumb/v7e-m+fp/hard/libc.a
LOAD /home/aditya/st/stm32cubeide_1.19.0/plugins/com.st.stm32cube.ide.mcu.externaltools.gnu-tools-for-stm32.13.3.rel1.linux64_1.0.0.202410170706/tools/bin/../lib/gcc/arm-none-eabi/13.3.1/../../../../arm-none-eabi/lib/thumb/v7e-m+fp/hard/libm.a
LOAD /home/aditya/st/stm32cubeide_1.19.0/plugins/com.st.stm32cube.ide.mcu.externaltools.gnu-tools-for-stm32.13.3.rel1.linux64_1.0.0.202410170706/tools/bin/../lib/gcc/arm-none-eabi/13.3.1/thumb/v7e-m+fp/hard/libgcc.a

.debug_info     0x00000000     0x1557
 .debug_info    0x00000000      0x505 ./Src/SPI_STM32&ARDUINO_SendData.o
 .debug_info    0x00000505       0x30 ./Startup/startup_stm32f411ceux.o
 .debug_info    0x00000535      0x772 ./drivers/Src/stm32f411_gpio.o
 .debug_info    0x00000ca7      0x8b0 ./drivers/Src/stm32f411_spi.o

.debug_abbrev   0x00000000      0x4c2
 .debug_abbrev  0x00000000      0x14a ./Src/SPI_STM32&ARDUINO_SendData.o
 .debug_abbrev  0x0000014a       0x24 ./Startup/startup_stm32f411ceux.o
 .debug_abbrev  0x0000016e      0x17a ./drivers/Src/stm32f411_gpio.o
 .debug_abbrev  0x000002e8      0x1da ./drivers/Src/stm32f411_spi.o

.debug_aranges  0x00000000      0x198
 .debug_aranges
                0x00000000       0x40 ./Src/SPI_STM32&ARDUINO_SendData.o
 .debug_aranges
                0x00000040       0x28 ./Startup/startup_stm32f411ceux.o
 .debug_aranges
                0x00000068       0x70 ./drivers/Src/stm32f411_gpio.o
 .debug_aranges
                0x000000d8       0xc0 ./drivers/Src/stm32f411_spi.o

.debug_rnglists
                0x00000000      0x127
 .debug_rnglists
                0x00000000       0x2b ./Src/SPI_STM32&ARDUINO_SendData.o
 .debug_rnglists
                0x0000002b       0x19 ./Startup/startup_stm32f411ceux.o
 .debug_rnglists
                0x00000044       0x53 ./drivers/Src/stm32f411_gpio.o
 .debug_rnglists
                0x00000097       0x90 ./drivers/Src/stm32f411_spi.o

.debug_macro    0x00000000     0x2648
 .debug_macro   0x00000000      0x1d4 ./Src/SPI_STM32&ARDUINO_SendData.o
 .debug_macro   0x000001d4      0xade ./Src/SPI_STM32&ARDUINO_SendData.o
 .debug_macro   0x00000cb2       0x22 ./Src/SPI_STM32&ARDUINO_SendData.o
 .debug_macro   0x00000cd4       0x8e ./Src/SPI_STM32&ARDUINO_SendData.o
 .debug_macro   0x00000d62       0x51 ./Src/SPI_STM32&ARDUINO_SendData.o
 .debug_macro   0x00000db3      0x103 ./Src/SPI_STM32&ARDUINO_SendData.o
 .debug_macro   0x00000eb6       0x6a ./Src/SPI_STM32&ARDUINO_SendData.o
 .debug_macro   0x00000f20      0x1df ./Src/SPI_STM32&ARDUINO_SendData.o
 .debug_macro   0x000010ff      0x190 ./Src/SPI_STM32&ARDUINO_SendData.o
 .debug_macro   0x0000128f      0x6c8 ./Src/SPI_STM32&ARDUINO_SendData.o
 .debug_macro   0x00001957       0xc4 ./Src/SPI_STM32&ARDUINO_SendData.o
 .debug_macro   0x00001a1b       0xac ./Src/SPI_STM32&ARDUINO_SendData.o
 .debug_macro   0x00001ac7       0xca ./Src/SPI_STM32&ARDUINO_SendData.o
 .debug_macro   0x00001b91       0xac ./Src/SPI_STM32&ARDUINO_SendData.o
 .debug_macro   0x00001c3d       0x61 ./Src/SPI_STM32&ARDUINO_SendData.o
 .debug_macro   0x00001c9e       0x2a ./Src/SPI_STM32&ARDUINO_SendData.o
 .debug_macro   0x00001cc8       0x43 ./Src/SPI_STM32&ARDUINO_SendData.o
 .debug_macro   0x00001d0b       0x34 ./Src/SPI_STM32&ARDUINO_SendData.o
 .debug_macro   0x00001d3f      0x370 ./Src/SPI_STM32&ARDUINO_SendData.o
 .debug_macro   0x000020af       0x16 ./Src/SPI_STM32&ARDUINO_SendData.o
 .debug_macro   0x000020c5       0x4a ./Src/SPI_STM32&ARDUINO_SendData.o
 .debug_macro   0x0000210f       0x34 ./Src/SPI_STM32&ARDUINO_SendData.o
 .debug_macro   0x00002143       0x10 ./Src/SPI_STM32&ARDUINO_SendData.o
 .debug_macro   0x00002153       0x58 ./Src/SPI_STM32&ARDUINO_SendData.o
 .debug_macro   0x000021ab       0x8e ./Src/SPI_STM32&ARDUINO_SendData.o
 .debug_macro   0x00002239       0x1c ./Src/SPI_STM32&ARDUINO_SendData.o
 .debug_macro   0x00002255      0x185 ./Src/SPI_STM32&ARDUINO_SendData.o
 .debug_macro   0x000023da       0x10 ./Src/SPI_STM32&ARDUINO_SendData.o
 .debug_macro   0x000023ea       0x3c ./Src/SPI_STM32&ARDUINO_SendData.o
 .debug_macro   0x00002426       0x20 ./Src/SPI_STM32&ARDUINO_SendData.o
 .debug_macro   0x00002446       0xfc ./drivers/Src/stm32f411_gpio.o
 .debug_macro   0x00002542      0x106 ./drivers/Src/stm32f411_spi.o

.debug_line     0x00000000     0x1b14
 .debug_line    0x00000000      0x6c5 ./Src/SPI_STM32&ARDUINO_SendData.o
 .debug_line    0x000006c5       0x7b ./Startup/startup_stm32f411ceux.o
 .debug_line    0x00000740      0x9cc ./drivers/Src/stm32f411_gpio.o
 .debug_line    0x0000110c      0xa08 ./drivers/Src/stm32f411_spi.o

.debug_str      0x00000000     0x9f94
 .debug_str     0x00000000     0x9f94 ./Src/SPI_STM32&ARDUINO_SendData.o
                               0x9d0e (size before relaxing)
 .debug_str     0x00009f94       0x99 ./Startup/startup_stm32f411ceux.o
 .debug_str     0x00009f94     0x6c30 ./drivers/Src/stm32f411_gpio.o
 .debug_str     0x00009f94     0x6ca5 ./drivers/Src/stm32f411_spi.o

.comment        0x00000000       0x43
 .comment       0x00000000       0x43 ./Src/SPI_STM32&ARDUINO_SendData.o
                                 0x44 (size before relaxing)
 .comment       0x00000043       0x44 ./drivers/Src/stm32f411_gpio.o
 .comment       0x00000043       0x44 ./drivers/Src/stm32f411_spi.o

.debug_frame    0x00000000      0x5f4
 .debug_frame   0x00000000       0xc4 ./Src/SPI_STM32&ARDUINO_SendData.o
 .debug_frame   0x000000c4      0x1c8 ./drivers/Src/stm32f411_gpio.o
 .debug_frame   0x0000028c      0x33c ./drivers/Src/stm32f411_spi.o
 .debug_frame   0x000005c8       0x2c /home/aditya/st/stm32cubeide_1.19.0/plugins/com.st.stm32cube.ide.mcu.externaltools.gnu-tools-for-stm32.13.3.rel1.linux64_1.0.0.202410170706/tools/bin/../lib/gcc/arm-none-eabi/13.3.1/../../../../arm-none-eabi/lib/thumb/v7e-m+fp/hard/libc_nano.a(libc_a-init.o)

.debug_line_str
                0x00000000       0x7d
 .debug_line_str
                0x00000000       0x7d ./Startup/startup_stm32f411ceux.o
